
   INFO  Starting server on 127.0.0.1:6001.  

   INFO  Gracefully terminating connections.  


   INFO  Starting server on 127.0.0.1:6001.  

   INFO  Gracefully terminating connections.  


   INFO  Starting server on 127.0.0.1:6001.  


   INFO  Starting server on 127.0.0.1:6002.  


   Illuminate\Database\QueryException 

  SQLSTATE[08006] [7] connection to server at "127.0.0.1", port 5432 failed: Connection refused
	Is the server running on that host and accepting TCP/IP connections? (Connection: pgsql, SQL: select * from "cache" where "key" in (laravel:reverb:restart))

  at /var/www/magexpert/vendor/laravel/framework/src/Illuminate/Database/Connection.php:825
    821▕                     $this->getName(), $query, $this->prepareBindings($bindings), $e
    822▕                 );
    823▕             }
    824▕ 
  ➜ 825▕             throw new QueryException(
    826▕                 $this->getName(), $query, $this->prepareBindings($bindings), $e
    827▕             );
    828▕         }
    829▕     }

      [2m+42 vendor frames [22m

  43  /var/www/magexpert/artisan:13
      Illuminate\Foundation\Application::handleCommand()


   INFO  Starting server on 127.0.0.1:6002.  

   INFO  Gracefully terminating connections.  


   INFO  Starting server on 127.0.0.1:6002.  

   INFO  Gracefully terminating connections.  


   INFO  Starting server on 127.0.0.1:6002.  


   INFO  Starting server on 127.0.0.1:6002.  

   INFO  Gracefully terminating connections.  


   INFO  Starting server on 127.0.0.1:6002.  

